Archive member included to satisfy reference by file (symbol)

/home/TDDI11/sw/lib/elf/ucos_ii.a(os_core.o)
                              main.o (OSInit)
/home/TDDI11/sw/lib/elf/ucos_ii.a(os_flag.o)
                              /home/TDDI11/sw/lib/elf/ucos_ii.a(os_core.o) (_OS_FlagInit)
/home/TDDI11/sw/lib/elf/ucos_ii.a(os_mem.o)
                              /home/TDDI11/sw/lib/elf/ucos_ii.a(os_core.o) (_OS_MemInit)
/home/TDDI11/sw/lib/elf/ucos_ii.a(os_q.o)
                              serial.o (OSQCreate)
/home/TDDI11/sw/lib/elf/ucos_ii.a(os_task.o)
                              main.o (OSTaskCreate)
/home/TDDI11/sw/lib/elf/ucos_ii.a(os_time.o)
                              serial.o (OSTimeDly)
/home/TDDI11/sw/lib/elf/ucos_ii.a(os_cpu_a.o)
                              /home/TDDI11/sw/lib/elf/ucos_ii.a(os_core.o) (_OSStartHighRdy)
/home/TDDI11/sw/lib/elf/ucos_ii.a(os_cpu_c.o)
                              /home/TDDI11/sw/lib/elf/ucos_ii.a(os_task.o) (_OSTaskStkInit)
/home/TDDI11/sw/lib/elf/libepc.a(init-cpu.o)
                              (start)
/home/TDDI11/sw/lib/elf/libepc.a(init-idt.o)
                              serial.o (IRQ2INT)
/home/TDDI11/sw/lib/elf/libepc.a(init-crt.o)
                              /home/TDDI11/sw/lib/elf/libepc.a(init-cpu.o) (Init_CRT)
/home/TDDI11/sw/lib/elf/libepc.a(display.o)
                              main.o (SetCursorVisible)
/home/TDDI11/sw/lib/elf/libepc.a(init8259.o)
                              /home/TDDI11/sw/lib/elf/libepc.a(init-cpu.o) (Init8259)
/home/TDDI11/sw/lib/elf/libepc.a(init8253.o)
                              /home/TDDI11/sw/lib/elf/libepc.a(init-cpu.o) (Init8253)
/home/TDDI11/sw/lib/elf/libepc.a(heap.o)
                              main.o (malloc)
/home/TDDI11/sw/lib/elf/libepc.a(window.o)
                              inbound.o (WindowCreate)
/home/TDDI11/sw/lib/elf/libepc.a(checkcpu.o)
                              /home/TDDI11/sw/lib/elf/libepc.a(init-cpu.o) (Check_CPU)
/home/TDDI11/sw/lib/elf/libepc.a(io.o)
                              /home/TDDI11/sw/lib/elf/libepc.a(init-idt.o) (ISR_PIC1)
/home/TDDI11/sw/lib/elf/libepc.a(keyboard.o)
                              outbound.o (ScanCode2Ascii)
/home/TDDI11/sw/lib/elf/djgpp/libc.a(ct_flags.o)
                              outbound.o (__dj_ctype_flags)
/home/TDDI11/sw/lib/elf/djgpp/libc.a(memcpy.o)
                              /home/TDDI11/sw/lib/elf/ucos_ii.a(os_task.o) (_memcpy)
/home/TDDI11/sw/lib/elf/djgpp/libc.a(memset.o)
                              /home/TDDI11/sw/lib/elf/ucos_ii.a(os_task.o) (_memset)
/home/TDDI11/sw/lib/elf/djgpp/libc.a(strcpy.o)
                              /home/TDDI11/sw/lib/elf/libepc.a(window.o) (_strcpy)
/home/TDDI11/sw/lib/elf/djgpp/libc.a(strlen.o)
                              /home/TDDI11/sw/lib/elf/libepc.a(window.o) (_strlen)
/home/TDDI11/sw/lib/elf/djgpp/libc.a(disable.o)
                              serial.o (disable)
/home/TDDI11/sw/lib/elf/djgpp/libc.a(enable.o)
                              serial.o (enable)
/home/TDDI11/sw/lib/elf/djgpp/libc.a(djmd.o)
                              /home/TDDI11/sw/lib/elf/djgpp/libc.a(memcpy.o) (___dj_movedata)

Allocating common symbols
Common symbol       size              file

_OSTaskCtr          0x4               /home/TDDI11/sw/lib/elf/ucos_ii.a(os_core.o)
_OSTCBCur           0x4               /home/TDDI11/sw/lib/elf/ucos_ii.a(os_core.o)
_OSCtxSwCtr         0x4               /home/TDDI11/sw/lib/elf/ucos_ii.a(os_core.o)
_OSTCBList          0x4               /home/TDDI11/sw/lib/elf/ucos_ii.a(os_core.o)
_OSTCBHighRdy       0x4               /home/TDDI11/sw/lib/elf/ucos_ii.a(os_core.o)
_OSQTbl             0x78              /home/TDDI11/sw/lib/elf/ucos_ii.a(os_core.o)
_OSRdyTbl           0x8               /home/TDDI11/sw/lib/elf/ucos_ii.a(os_core.o)
_OSTaskIdleStk      0x800             /home/TDDI11/sw/lib/elf/ucos_ii.a(os_core.o)
_OSEventTbl         0xa0              /home/TDDI11/sw/lib/elf/ucos_ii.a(os_core.o)
_OSTCBFreeList      0x4               /home/TDDI11/sw/lib/elf/ucos_ii.a(os_core.o)
_OldTickISR         0x4               /home/TDDI11/sw/lib/elf/ucos_ii.a(os_cpu_c.o)
_OSRdyGrp           0x4               /home/TDDI11/sw/lib/elf/ucos_ii.a(os_core.o)
_OSIntExitY         0x4               /home/TDDI11/sw/lib/elf/ucos_ii.a(os_core.o)
_OSPrioCur          0x4               /home/TDDI11/sw/lib/elf/ucos_ii.a(os_core.o)
_OSQFreeList        0x4               /home/TDDI11/sw/lib/elf/ucos_ii.a(os_core.o)
_OSIdleCtr          0x4               /home/TDDI11/sw/lib/elf/ucos_ii.a(os_core.o)
_OSRunning          0x4               /home/TDDI11/sw/lib/elf/ucos_ii.a(os_core.o)
_OSMemTbl           0x64              /home/TDDI11/sw/lib/elf/ucos_ii.a(os_core.o)
_OSPrioHighRdy      0x4               /home/TDDI11/sw/lib/elf/ucos_ii.a(os_core.o)
_OSTCBPrioTbl       0x100             /home/TDDI11/sw/lib/elf/ucos_ii.a(os_core.o)
_OSTickDOSCtr       0x4               /home/TDDI11/sw/lib/elf/ucos_ii.a(os_cpu_c.o)
_OSLockNesting      0x4               /home/TDDI11/sw/lib/elf/ucos_ii.a(os_core.o)
_OSTime             0x4               /home/TDDI11/sw/lib/elf/ucos_ii.a(os_core.o)
_OSFlagTbl          0x3c              /home/TDDI11/sw/lib/elf/ucos_ii.a(os_core.o)
_OSTCBTbl           0xe00             /home/TDDI11/sw/lib/elf/ucos_ii.a(os_core.o)
_OSIntNesting       0x4               /home/TDDI11/sw/lib/elf/ucos_ii.a(os_core.o)
_OSEventFreeList    0x4               /home/TDDI11/sw/lib/elf/ucos_ii.a(os_core.o)
_OSMemFreeList      0x4               /home/TDDI11/sw/lib/elf/ucos_ii.a(os_core.o)
_OSFlagFreeList     0x4               /home/TDDI11/sw/lib/elf/ucos_ii.a(os_core.o)

Discarded input sections

 .eh_frame      0x0000000000000000       0x64 main.o
 .eh_frame      0x0000000000000000       0x78 serial.o
 .eh_frame      0x0000000000000000       0x74 inbound.o
 .eh_frame      0x0000000000000000       0x54 outbound.o
 .eh_frame      0x0000000000000000       0xd8 elapsed.o
 .eh_frame      0x0000000000000000       0x54 packet.o

Memory Configuration

Name             Origin             Length             Attributes
conventional     0x0000000000000000 0x00000000000a0000
reserved         0x00000000000a0000 0x0000000000060000
extended         0x0000000000100000 0x00000000fff00000
*default*        0x0000000000000000 0xffffffffffffffff

Linker script and memory map

LOAD main.o
LOAD serial.o
LOAD inbound.o
LOAD outbound.o
LOAD elapsed.o
LOAD packet.o
LOAD isr.o
LOAD /home/TDDI11/sw/lib/elf/ucos_ii.a
LOAD /home/TDDI11/sw/lib/elf/libepc.a
LOAD /home/TDDI11/sw/lib/elf/djgpp/libc.a
LOAD /sw/i386-elf-gcc-4.9.0/lib/gcc/i386-elf/4.9.0/libgcc.a

.text           0x0000000000000000     0x5de0
                0x0000000000000000                text_frst = .
 *(.start)
 .start         0x0000000000000000        0x8 /home/TDDI11/sw/lib/elf/libepc.a(init-cpu.o)
                0x0000000000000000                start
 *(.init)
 *(.text)
 .text          0x0000000000000008       0xe0 main.o
                0x0000000000000033                main
 .text          0x00000000000000e8      0x17b serial.o
                0x00000000000000e8                SerialGet
                0x0000000000000107                SerialPut
                0x0000000000000155                SerialInit
 .text          0x0000000000000263       0xb0 inbound.o
                0x000000000000028b                PostText
                0x00000000000002ac                InboundText
 .text          0x0000000000000313      0x17e outbound.o
                0x0000000000000313                OutboundThread
 .text          0x0000000000000491      0x2ee elapsed.o
                0x00000000000004b9                PostTime
                0x00000000000004da                InboundTime
                0x0000000000000557                ElapsedLocal
 .text          0x000000000000077f      0x113 packet.o
                0x000000000000077f                ReceivePackets
                0x000000000000082c                SendPacket
 *fill*         0x0000000000000892        0xe 
 .text          0x00000000000008a0       0x6d isr.o
                0x00000000000008a0                OSKeyboardISR
                0x00000000000008d5                OSSerialISR
 *fill*         0x000000000000090d        0x3 
 .text          0x0000000000000910      0xac0 /home/TDDI11/sw/lib/elf/ucos_ii.a(os_core.o)
                0x0000000000000910                _OSMapTbl
                0x0000000000000918                _OSUnMapTbl
                0x0000000000000a18                OSInit
                0x0000000000000be0                _OSIntEnter
                0x0000000000000bfc                _OSIntExit
                0x0000000000000ca4                _OSSchedLock
                0x0000000000000cc8                _OSSchedUnlock
                0x0000000000000d0c                OSStart
                0x0000000000000d94                _OSTimeTick
                0x0000000000000e54                _OSVersion
                0x0000000000000e64                _OS_Dummy
                0x0000000000000e6c                _OS_EventTaskRdy
                0x0000000000000fb0                _OS_EventTaskWait
                0x0000000000001074                _OS_EventTO
                0x0000000000001100                _OS_EventWaitListInit
                0x0000000000001160                _OS_Sched
                0x00000000000011f0                _OS_TaskIdle
                0x000000000000120c                _OS_TCBInit
 .text          0x00000000000013d0      0xb60 /home/TDDI11/sw/lib/elf/ucos_ii.a(os_flag.o)
                0x00000000000013d0                _OSFlagAccept
                0x0000000000001588                _OSFlagCreate
                0x00000000000015f4                _OSFlagDel
                0x0000000000001728                _OSFlagPend
                0x0000000000001a78                _OSFlagPost
                0x0000000000001c7c                _OSFlagQuery
                0x0000000000001dc4                _OS_FlagInit
                0x0000000000001ebc                _OS_FlagUnlink
 .text          0x0000000000001f30      0x320 /home/TDDI11/sw/lib/elf/ucos_ii.a(os_mem.o)
                0x0000000000001f30                _OSMemCreate
                0x000000000000204c                _OSMemGet
                0x00000000000020a4                _OSMemPut
                0x0000000000002104                _OSMemQuery
                0x0000000000002188                _OS_MemInit
 .text          0x0000000000002250      0x8b0 /home/TDDI11/sw/lib/elf/ucos_ii.a(os_q.o)
                0x0000000000002250                _OSQAccept
                0x00000000000022cc                OSQCreate
                0x00000000000023dc                _OSQDel
                0x0000000000002534                _OSQFlush
                0x000000000000258c                OSQPend
                0x00000000000026c8                OSQPost
                0x000000000000278c                _OSQPostFront
                0x0000000000002854                _OSQPostOpt
                0x000000000000298c                _OSQQuery
                0x0000000000002aa4                _OS_QInit
 .text          0x0000000000002b00      0xae0 /home/TDDI11/sw/lib/elf/ucos_ii.a(os_task.o)
                0x0000000000002b00                _OSTaskChangePrio
                0x0000000000002dbc                OSTaskCreate
                0x0000000000002ea4                _OSTaskCreateExt
                0x0000000000002fe4                _OSTaskDel
                0x0000000000003214                _OSTaskDelReq
                0x00000000000032a4                _OSTaskResume
                0x000000000000336c                _OSTaskStkChk
                0x0000000000003454                _OSTaskSuspend
                0x000000000000355c                _OSTaskQuery
 .text          0x00000000000035e0      0x2e0 /home/TDDI11/sw/lib/elf/ucos_ii.a(os_time.o)
                0x00000000000035e0                OSTimeDly
                0x000000000000366c                _OSTimeDlyHMSM
                0x00000000000037c0                _OSTimeDlyResume
                0x0000000000003884                OSTimeGet
                0x00000000000038a4                _OSTimeSet
 .text          0x00000000000038c0       0x68 /home/TDDI11/sw/lib/elf/ucos_ii.a(os_cpu_a.o)
                0x00000000000038c0                _OSStartHighRdy
                0x00000000000038d5                _OSCtxSw
                0x00000000000038dd                _OSIntCtxSw
                0x00000000000038fa                _OSTickISR
 .text          0x0000000000003928      0x190 /home/TDDI11/sw/lib/elf/ucos_ii.a(os_cpu_c.o)
                0x0000000000003928                _OSTaskStkInit
                0x0000000000003a6c                _OSInitHookBegin
                0x0000000000003a74                _OSInitHookEnd
                0x0000000000003a7c                _OSTaskCreateHook
                0x0000000000003a84                _OSTaskDelHook
                0x0000000000003a8c                _OSTaskSwHook
                0x0000000000003a94                _OSTaskStatHook
                0x0000000000003a9c                _OSTCBInitHook
                0x0000000000003aa4                _OSTimeTickHook
                0x0000000000003aac                _OSTaskIdleHook
 .text          0x0000000000003ab8       0x50 /home/TDDI11/sw/lib/elf/libepc.a(init-cpu.o)
                0x0000000000003ab8                Init_CPU
 .text          0x0000000000003b08      0x5a0 /home/TDDI11/sw/lib/elf/libepc.a(init-idt.o)
                0x0000000000003f18                IRQ2INT
                0x0000000000003f2c                _GetISR
                0x0000000000003f70                SetISR
                0x0000000000003fa8                Init_IDT
 .text          0x00000000000040a8      0x110 /home/TDDI11/sw/lib/elf/libepc.a(init-crt.o)
                0x00000000000040a8                Init_CRT
                0x00000000000040dc                _LastMemoryAddress
 .text          0x00000000000041b8      0x6e0 /home/TDDI11/sw/lib/elf/libepc.a(display.o)
                0x00000000000041b8                SetCursorVisible
                0x000000000000423c                _GetCursorRow
                0x0000000000004250                _GetCursorCol
                0x0000000000004264                SetCursorPosition
                0x0000000000004308                ClearScreen
                0x0000000000004370                _PutAttb
                0x00000000000043bc                _PutCharAt
                0x00000000000043e8                _PutChar
                0x000000000000446c                PutString
                0x00000000000044a4                PutUnsigned
                0x00000000000044dc                FormatUnsigned
                0x000000000000456c                Unsigned2Ascii
                0x00000000000045f0                _Cell
 .text          0x0000000000004898       0xe0 /home/TDDI11/sw/lib/elf/libepc.a(init8259.o)
                0x0000000000004898                Init8259
 .text          0x0000000000004978       0xb0 /home/TDDI11/sw/lib/elf/libepc.a(init8253.o)
                0x0000000000004978                Init8253
 .text          0x0000000000004a28      0x660 /home/TDDI11/sw/lib/elf/libepc.a(heap.o)
                0x0000000000004a28                malloc
                0x0000000000004adc                free
 .text          0x0000000000005088      0x600 /home/TDDI11/sw/lib/elf/libepc.a(window.o)
                0x000000000000508c                WindowCreate
                0x0000000000005174                _WindowErase
                0x00000000000051e4                WindowSelect
                0x0000000000005208                WindowSetCursor
                0x0000000000005238                WindowPutChar
                0x0000000000005318                WindowPutString
 .text          0x0000000000005688       0x98 /home/TDDI11/sw/lib/elf/libepc.a(checkcpu.o)
                0x0000000000005688                Check_CPU
 .text          0x0000000000005720       0x60 /home/TDDI11/sw/lib/elf/libepc.a(io.o)
                0x0000000000005720                TimerTickISR
                0x000000000000572c                KeyboardISR
                0x000000000000574c                ISR_PIC1
                0x0000000000005753                ISR_PIC2
                0x000000000000575c                ___main
                0x000000000000575d                inportb
                0x0000000000005767                outportb
                0x0000000000005779                _exit
 .text          0x0000000000005780      0x570 /home/TDDI11/sw/lib/elf/libepc.a(keyboard.o)
                0x0000000000005780                ScanCodeRdy
                0x00000000000057a4                GetScanCode
                0x00000000000057d4                ScanCode2Ascii
                0x0000000000005994                SetsKybdState
                0x0000000000005b84                Enqueue
 .text          0x0000000000005cf0        0x0 /home/TDDI11/sw/lib/elf/djgpp/libc.a(ct_flags.o)
 .text          0x0000000000005cf0       0x1c /home/TDDI11/sw/lib/elf/djgpp/libc.a(memcpy.o)
                0x0000000000005cf0                _memcpy
 .text          0x0000000000005d0c       0x40 /home/TDDI11/sw/lib/elf/djgpp/libc.a(memset.o)
                0x0000000000005d0c                _memset
 .text          0x0000000000005d4c       0x28 /home/TDDI11/sw/lib/elf/djgpp/libc.a(strcpy.o)
                0x0000000000005d4c                _strcpy
 .text          0x0000000000005d74       0x24 /home/TDDI11/sw/lib/elf/djgpp/libc.a(strlen.o)
                0x0000000000005d74                _strlen
 .text          0x0000000000005d98       0x10 /home/TDDI11/sw/lib/elf/djgpp/libc.a(disable.o)
                0x0000000000005d98                disable
 .text          0x0000000000005da8       0x10 /home/TDDI11/sw/lib/elf/djgpp/libc.a(enable.o)
                0x0000000000005da8                enable
 .text          0x0000000000005db8       0x28 /home/TDDI11/sw/lib/elf/djgpp/libc.a(djmd.o)
                0x0000000000005db8                ___dj_movedata
                0x0000000000005ddf                text_last = (. - 0x1)

.data           0x0000000000005de0      0x8ea
                0x0000000000005de0                data_frst = .
 *(.data)
 .data          0x0000000000005de0        0x0 main.o
 .data          0x0000000000005de0        0x0 serial.o
 .data          0x0000000000005de0        0x0 inbound.o
 .data          0x0000000000005de0        0x1 outbound.o
 *fill*         0x0000000000005de1        0x3 
 .data          0x0000000000005de4        0xb elapsed.o
 .data          0x0000000000005def        0x0 packet.o
 *fill*         0x0000000000005def        0x1 
 .data          0x0000000000005df0        0x0 isr.o
 .data          0x0000000000005df0        0x0 /home/TDDI11/sw/lib/elf/ucos_ii.a(os_core.o)
 .data          0x0000000000005df0        0x0 /home/TDDI11/sw/lib/elf/ucos_ii.a(os_flag.o)
 .data          0x0000000000005df0        0x0 /home/TDDI11/sw/lib/elf/ucos_ii.a(os_mem.o)
 .data          0x0000000000005df0        0x0 /home/TDDI11/sw/lib/elf/ucos_ii.a(os_q.o)
 .data          0x0000000000005df0        0x0 /home/TDDI11/sw/lib/elf/ucos_ii.a(os_task.o)
 .data          0x0000000000005df0        0x0 /home/TDDI11/sw/lib/elf/ucos_ii.a(os_time.o)
 .data          0x0000000000005df0        0x0 /home/TDDI11/sw/lib/elf/ucos_ii.a(os_cpu_a.o)
 .data          0x0000000000005df0       0x10 /home/TDDI11/sw/lib/elf/ucos_ii.a(os_cpu_c.o)
 .data          0x0000000000005e00       0x20 /home/TDDI11/sw/lib/elf/libepc.a(init-cpu.o)
                0x0000000000005e1e                code_selector
 .data          0x0000000000005e20       0x90 /home/TDDI11/sw/lib/elf/libepc.a(init-idt.o)
 .data          0x0000000000005eb0       0x10 /home/TDDI11/sw/lib/elf/libepc.a(init-crt.o)
 .data          0x0000000000005ec0       0x30 /home/TDDI11/sw/lib/elf/libepc.a(display.o)
 .data          0x0000000000005ef0        0x0 /home/TDDI11/sw/lib/elf/libepc.a(init8259.o)
 .data          0x0000000000005ef0        0x0 /home/TDDI11/sw/lib/elf/libepc.a(init8253.o)
 .data          0x0000000000005ef0       0x10 /home/TDDI11/sw/lib/elf/libepc.a(heap.o)
 .data          0x0000000000005f00        0x0 /home/TDDI11/sw/lib/elf/libepc.a(window.o)
 .data          0x0000000000005f00        0xc /home/TDDI11/sw/lib/elf/libepc.a(io.o)
                0x0000000000005f00                msec
                0x0000000000005f04                old_tick_isr
                0x0000000000005f08                old_kybd_isr
 .data          0x0000000000005f0c      0x5a0 /home/TDDI11/sw/lib/elf/libepc.a(keyboard.o)
 .data          0x00000000000064ac      0x204 /home/TDDI11/sw/lib/elf/djgpp/libc.a(ct_flags.o)
                0x00000000000064ac                __dj_ctype_flags
 .data          0x00000000000066b0        0x0 /home/TDDI11/sw/lib/elf/djgpp/libc.a(memcpy.o)
 .data          0x00000000000066b0        0x0 /home/TDDI11/sw/lib/elf/djgpp/libc.a(memset.o)
 .data          0x00000000000066b0        0x0 /home/TDDI11/sw/lib/elf/djgpp/libc.a(strcpy.o)
 .data          0x00000000000066b0        0x0 /home/TDDI11/sw/lib/elf/djgpp/libc.a(strlen.o)
 .data          0x00000000000066b0        0x0 /home/TDDI11/sw/lib/elf/djgpp/libc.a(disable.o)
 .data          0x00000000000066b0        0x0 /home/TDDI11/sw/lib/elf/djgpp/libc.a(enable.o)
 .data          0x00000000000066b0        0x0 /home/TDDI11/sw/lib/elf/djgpp/libc.a(djmd.o)
 *(.rodata)
 .rodata        0x00000000000066b0        0x7 inbound.o
 .rodata        0x00000000000066b7        0x6 outbound.o
 .rodata        0x00000000000066bd        0xd elapsed.o
 *(.rodata.str1.1)
 *(.rodata.str1.32)
                0x00000000000066c9                data_last = (. - 0x1)

.bss            0x00000000000066e0     0x2350
                0x00000000000066e0                bss_frst = .
 *(.bss)
 .bss           0x00000000000066e0        0x0 main.o
 .bss           0x00000000000066e0       0x70 serial.o
                0x00000000000066e0                com1_queue
 *fill*         0x0000000000006750       0x10 
 .bss           0x0000000000006760       0x70 inbound.o
 *fill*         0x00000000000067d0       0x10 
 .bss           0x00000000000067e0       0x70 outbound.o
                0x00000000000067e0                kybd_queue
 *fill*         0x0000000000006850       0x10 
 .bss           0x0000000000006860       0x80 elapsed.o
 .bss           0x00000000000068e0        0x0 packet.o
 .bss           0x00000000000068e0        0x0 /home/TDDI11/sw/lib/elf/ucos_ii.a(os_core.o)
 .bss           0x00000000000068e0        0x0 /home/TDDI11/sw/lib/elf/ucos_ii.a(os_flag.o)
 .bss           0x00000000000068e0        0x0 /home/TDDI11/sw/lib/elf/ucos_ii.a(os_mem.o)
 .bss           0x00000000000068e0        0x0 /home/TDDI11/sw/lib/elf/ucos_ii.a(os_q.o)
 .bss           0x00000000000068e0        0x0 /home/TDDI11/sw/lib/elf/ucos_ii.a(os_task.o)
 .bss           0x00000000000068e0        0x0 /home/TDDI11/sw/lib/elf/ucos_ii.a(os_time.o)
 .bss           0x00000000000068e0        0x0 /home/TDDI11/sw/lib/elf/ucos_ii.a(os_cpu_c.o)
 .bss           0x00000000000068e0      0x800 /home/TDDI11/sw/lib/elf/libepc.a(init-idt.o)
 .bss           0x00000000000070e0        0x0 /home/TDDI11/sw/lib/elf/libepc.a(init-crt.o)
 .bss           0x00000000000070e0        0x8 /home/TDDI11/sw/lib/elf/libepc.a(display.o)
 .bss           0x00000000000070e8        0x0 /home/TDDI11/sw/lib/elf/libepc.a(init8259.o)
 .bss           0x00000000000070e8        0x0 /home/TDDI11/sw/lib/elf/libepc.a(init8253.o)
 .bss           0x00000000000070e8        0x0 /home/TDDI11/sw/lib/elf/libepc.a(heap.o)
 .bss           0x00000000000070e8        0x0 /home/TDDI11/sw/lib/elf/libepc.a(window.o)
 .bss           0x00000000000070e8       0x34 /home/TDDI11/sw/lib/elf/libepc.a(keyboard.o)
 .bss           0x000000000000711c        0x0 /home/TDDI11/sw/lib/elf/djgpp/libc.a(ct_flags.o)
 .bss           0x000000000000711c        0x0 /home/TDDI11/sw/lib/elf/djgpp/libc.a(memcpy.o)
 .bss           0x000000000000711c        0x0 /home/TDDI11/sw/lib/elf/djgpp/libc.a(memset.o)
 .bss           0x000000000000711c        0x0 /home/TDDI11/sw/lib/elf/djgpp/libc.a(strcpy.o)
 .bss           0x000000000000711c        0x0 /home/TDDI11/sw/lib/elf/djgpp/libc.a(strlen.o)
 .bss           0x000000000000711c        0x0 /home/TDDI11/sw/lib/elf/djgpp/libc.a(disable.o)
 .bss           0x000000000000711c        0x0 /home/TDDI11/sw/lib/elf/djgpp/libc.a(enable.o)
 .bss           0x000000000000711c        0x0 /home/TDDI11/sw/lib/elf/djgpp/libc.a(djmd.o)
 *(COMMON)
 COMMON         0x000000000000711c     0x190c /home/TDDI11/sw/lib/elf/ucos_ii.a(os_core.o)
                0x000000000000711c                _OSTaskCtr
                0x0000000000007120                _OSTCBCur
                0x0000000000007124                _OSCtxSwCtr
                0x0000000000007128                _OSTCBList
                0x000000000000712c                _OSTCBHighRdy
                0x0000000000007130                _OSQTbl
                0x00000000000071a8                _OSRdyTbl
                0x00000000000071b0                _OSTaskIdleStk
                0x00000000000079b0                _OSEventTbl
                0x0000000000007a50                _OSTCBFreeList
                0x0000000000007a54                _OSRdyGrp
                0x0000000000007a58                _OSIntExitY
                0x0000000000007a5c                _OSPrioCur
                0x0000000000007a60                _OSQFreeList
                0x0000000000007a64                _OSIdleCtr
                0x0000000000007a68                _OSRunning
                0x0000000000007a6c                _OSMemTbl
                0x0000000000007ad0                _OSPrioHighRdy
                0x0000000000007ad4                _OSTCBPrioTbl
                0x0000000000007bd4                _OSLockNesting
                0x0000000000007bd8                _OSTime
                0x0000000000007bdc                _OSFlagTbl
                0x0000000000007c18                _OSTCBTbl
                0x0000000000008a18                _OSIntNesting
                0x0000000000008a1c                _OSEventFreeList
                0x0000000000008a20                _OSMemFreeList
                0x0000000000008a24                _OSFlagFreeList
 COMMON         0x0000000000008a28        0x8 /home/TDDI11/sw/lib/elf/ucos_ii.a(os_cpu_c.o)
                0x0000000000008a28                _OldTickISR
                0x0000000000008a2c                _OSTickDOSCtr
                0x0000000000008a2f                bss_last = (. - 0x1)

/DISCARD/
 *(.eh_frame)
                0x0000000000008a30                stack_frst = (bss_last + 0x1)
                0x0000000000010a2f                stack_last = (bss_last + 0x8000)
                0x0000000000010a30                heap_frst = (stack_last + 0x1)
OUTPUT(embedded.bin binary)

.debug_info     0x0000000000000000      0xc17
 .debug_info    0x0000000000000000       0xd6 main.o
 .debug_info    0x00000000000000d6      0x1a4 serial.o
 .debug_info    0x000000000000027a      0x264 inbound.o
 .debug_info    0x00000000000004de      0x26e outbound.o
 .debug_info    0x000000000000074c      0x392 elapsed.o
 .debug_info    0x0000000000000ade      0x139 packet.o

.debug_abbrev   0x0000000000000000      0x56b
 .debug_abbrev  0x0000000000000000       0x81 main.o
 .debug_abbrev  0x0000000000000081       0xe9 serial.o
 .debug_abbrev  0x000000000000016a       0xfb inbound.o
 .debug_abbrev  0x0000000000000265      0x113 outbound.o
 .debug_abbrev  0x0000000000000378      0x13c elapsed.o
 .debug_abbrev  0x00000000000004b4       0xb7 packet.o

.debug_aranges  0x0000000000000000       0xc0
 .debug_aranges
                0x0000000000000000       0x20 main.o
 .debug_aranges
                0x0000000000000020       0x20 serial.o
 .debug_aranges
                0x0000000000000040       0x20 inbound.o
 .debug_aranges
                0x0000000000000060       0x20 outbound.o
 .debug_aranges
                0x0000000000000080       0x20 elapsed.o
 .debug_aranges
                0x00000000000000a0       0x20 packet.o

.debug_line     0x0000000000000000      0x42a
 .debug_line    0x0000000000000000       0x76 main.o
 .debug_line    0x0000000000000076       0x9d serial.o
 .debug_line    0x0000000000000113       0x99 inbound.o
 .debug_line    0x00000000000001ac       0xdd outbound.o
 .debug_line    0x0000000000000289       0xff elapsed.o
 .debug_line    0x0000000000000388       0xa2 packet.o

.debug_str      0x0000000000000000      0x93b
 .debug_str     0x0000000000000000      0x111 main.o
 .debug_str     0x0000000000000111      0x180 serial.o
 .debug_str     0x0000000000000291      0x1ac inbound.o
 .debug_str     0x000000000000043d      0x1ce outbound.o
 .debug_str     0x000000000000060b      0x205 elapsed.o
 .debug_str     0x0000000000000810      0x12b packet.o

.comment        0x0000000000000000       0x6c
 .comment       0x0000000000000000       0x12 main.o
 .comment       0x0000000000000012       0x12 serial.o
 .comment       0x0000000000000024       0x12 inbound.o
 .comment       0x0000000000000036       0x12 outbound.o
 .comment       0x0000000000000048       0x12 elapsed.o
 .comment       0x000000000000005a       0x12 packet.o
